// Jest Snapshot v1, https://goo.gl/fbAQLP

exports[`renders the NoConstellationsMessage 1`] = `
<div
  className="container my-5"
>
  <div
    className="row"
  >
    <div
      className="col"
    >
      <p
        className="text-center"
      >
        There are no constellations listed...
      </p>
    </div>
  </div>
</div>
`;
